nohup: ignorando entrada

  .   ____          _            __ _ _
 /\\ / ___'_ __ _ _(_)_ __  __ _ \ \ \ \
( ( )\___ | '_ | '_| | '_ \/ _` | \ \ \ \
 \\/  ___)| |_)| | | | | || (_| |  ) ) ) )
  '  |____| .__|_| |_|_| |_\__, | / / / /
 =========|_|==============|___/=/_/_/_/

 :: Spring Boot ::                (v4.1.0)

2026-07-07T11:58:43.969-03:00  INFO 3401206 --- [pedido] [           main] br.com.pedido.PedidoApplication          : Starting PedidoApplication v0.0.1-SNAPSHOT using Java 17.0.18 with PID 3401206 (/home/andre-luiz-pinheiro/Projetos/pedido/target/pedido-0.0.1-SNAPSHOT.jar started by andre-luiz-pinheiro in /home/andre-luiz-pinheiro/Projetos/pedido)
2026-07-07T11:58:43.975-03:00  INFO 3401206 --- [pedido] [           main] br.com.pedido.PedidoApplication          : The following 1 profile is active: "dev"
2026-07-07T11:58:44.868-03:00  INFO 3401206 --- [pedido] [           main] .s.d.r.c.RepositoryConfigurationDelegate : Bootstrapping Spring Data R2DBC repositories in DEFAULT mode.
2026-07-07T11:58:44.963-03:00  INFO 3401206 --- [pedido] [           main] .s.d.r.c.RepositoryConfigurationDelegate : Finished Spring Data repository scanning in 88 ms. Found 2 R2DBC repository interfaces.
2026-07-07T11:58:46.637-03:00  INFO 3401206 --- [pedido] [           main] org.flywaydb.core.FlywayExecutor         : Database: jdbc:postgresql://localhost:5432/pedido (PostgreSQL 16.14)
2026-07-07T11:58:46.704-03:00  INFO 3401206 --- [pedido] [           main] o.f.core.internal.command.DbValidate     : Successfully validated 1 migration (execution time 00:00.027s)
2026-07-07T11:58:46.745-03:00  INFO 3401206 --- [pedido] [           main] o.f.core.internal.command.DbMigrate      : Current version of schema "public": 1
2026-07-07T11:58:46.748-03:00  INFO 3401206 --- [pedido] [           main] o.f.core.internal.command.DbMigrate      : Schema "public" is up to date. No migration necessary.
2026-07-07T11:58:46.830-03:00  INFO 3401206 --- [pedido] [           main] o.s.boot.reactor.netty.NettyWebServer    : Netty started on port 8080 (http)
2026-07-07T11:58:46.845-03:00  INFO 3401206 --- [pedido] [           main] b.c.p.monitor.CircuitBreakerMonitor      : CircuitBreaker statuses at startup: {stockService=CLOSED}
2026-07-07T11:58:46.845-03:00  INFO 3401206 --- [pedido] [   scheduling-1] b.c.p.monitor.CircuitBreakerMonitor      : CircuitBreaker periodic status: {stockService=CLOSED}
2026-07-07T11:58:46.846-03:00  INFO 3401206 --- [pedido] [           main] br.com.pedido.PedidoApplication          : Started PedidoApplication in 3.297 seconds (process running for 3.664)
2026-07-07T11:58:46.848-03:00  WARN 3401206 --- [pedido] [           main] o.s.core.events.SpringDocAppInitializer  : SpringDoc /v3/api-docs endpoint is enabled by default. To disable it in production, set the property 'springdoc.api-docs.enabled=false'
2026-07-07T11:58:46.848-03:00  WARN 3401206 --- [pedido] [           main] o.s.core.events.SpringDocAppInitializer  : SpringDoc /swagger-ui.html endpoint is enabled by default. To disable it in production, set the property 'springdoc.swagger-ui.enabled=false'
2026-07-07T11:59:16.847-03:00  INFO 3401206 --- [pedido] [   scheduling-1] b.c.p.monitor.CircuitBreakerMonitor      : CircuitBreaker periodic status: {stockService=CLOSED}
2026-07-07T11:59:46.849-03:00  INFO 3401206 --- [pedido] [   scheduling-1] b.c.p.monitor.CircuitBreakerMonitor      : CircuitBreaker periodic status: {stockService=CLOSED}
2026-07-07T12:00:16.850-03:00  INFO 3401206 --- [pedido] [   scheduling-1] b.c.p.monitor.CircuitBreakerMonitor      : CircuitBreaker periodic status: {stockService=CLOSED}
2026-07-07T12:00:46.851-03:00  INFO 3401206 --- [pedido] [   scheduling-1] b.c.p.monitor.CircuitBreakerMonitor      : CircuitBreaker periodic status: {stockService=CLOSED}
2026-07-07T12:01:16.852-03:00  INFO 3401206 --- [pedido] [   scheduling-1] b.c.p.monitor.CircuitBreakerMonitor      : CircuitBreaker periodic status: {stockService=CLOSED}
2026-07-07T12:01:46.853-03:00  INFO 3401206 --- [pedido] [   scheduling-1] b.c.p.monitor.CircuitBreakerMonitor      : CircuitBreaker periodic status: {stockService=CLOSED}
2026-07-07T12:02:16.854-03:00  INFO 3401206 --- [pedido] [   scheduling-1] b.c.p.monitor.CircuitBreakerMonitor      : CircuitBreaker periodic status: {stockService=CLOSED}
2026-07-07T12:02:46.855-03:00  INFO 3401206 --- [pedido] [   scheduling-1] b.c.p.monitor.CircuitBreakerMonitor      : CircuitBreaker periodic status: {stockService=CLOSED}
2026-07-07T12:03:16.856-03:00  INFO 3401206 --- [pedido] [   scheduling-1] b.c.p.monitor.CircuitBreakerMonitor      : CircuitBreaker periodic status: {stockService=CLOSED}
2026-07-07T12:03:46.857-03:00  INFO 3401206 --- [pedido] [   scheduling-1] b.c.p.monitor.CircuitBreakerMonitor      : CircuitBreaker periodic status: {stockService=CLOSED}
2026-07-07T12:04:16.858-03:00  INFO 3401206 --- [pedido] [   scheduling-1] b.c.p.monitor.CircuitBreakerMonitor      : CircuitBreaker periodic status: {stockService=CLOSED}
2026-07-07T12:04:46.860-03:00  INFO 3401206 --- [pedido] [   scheduling-1] b.c.p.monitor.CircuitBreakerMonitor      : CircuitBreaker periodic status: {stockService=CLOSED}
2026-07-07T12:05:16.862-03:00  INFO 3401206 --- [pedido] [   scheduling-1] b.c.p.monitor.CircuitBreakerMonitor      : CircuitBreaker periodic status: {stockService=CLOSED}
2026-07-07T12:05:46.863-03:00  INFO 3401206 --- [pedido] [   scheduling-1] b.c.p.monitor.CircuitBreakerMonitor      : CircuitBreaker periodic status: {stockService=CLOSED}
2026-07-07T12:06:16.865-03:00  INFO 3401206 --- [pedido] [   scheduling-1] b.c.p.monitor.CircuitBreakerMonitor      : CircuitBreaker periodic status: {stockService=CLOSED}
2026-07-07T12:06:46.866-03:00  INFO 3401206 --- [pedido] [   scheduling-1] b.c.p.monitor.CircuitBreakerMonitor      : CircuitBreaker periodic status: {stockService=CLOSED}
2026-07-07T12:07:16.868-03:00  INFO 3401206 --- [pedido] [   scheduling-1] b.c.p.monitor.CircuitBreakerMonitor      : CircuitBreaker periodic status: {stockService=CLOSED}
2026-07-07T12:07:46.869-03:00  INFO 3401206 --- [pedido] [   scheduling-1] b.c.p.monitor.CircuitBreakerMonitor      : CircuitBreaker periodic status: {stockService=CLOSED}
2026-07-07T12:08:16.870-03:00  INFO 3401206 --- [pedido] [   scheduling-1] b.c.p.monitor.CircuitBreakerMonitor      : CircuitBreaker periodic status: {stockService=CLOSED}
2026-07-07T12:08:46.872-03:00  INFO 3401206 --- [pedido] [   scheduling-1] b.c.p.monitor.CircuitBreakerMonitor      : CircuitBreaker periodic status: {stockService=CLOSED}
2026-07-07T12:09:16.874-03:00  INFO 3401206 --- [pedido] [   scheduling-1] b.c.p.monitor.CircuitBreakerMonitor      : CircuitBreaker periodic status: {stockService=CLOSED}
2026-07-07T12:09:46.875-03:00  INFO 3401206 --- [pedido] [   scheduling-1] b.c.p.monitor.CircuitBreakerMonitor      : CircuitBreaker periodic status: {stockService=CLOSED}
2026-07-07T12:10:06.878-03:00  INFO 3401206 --- [pedido] [ionShutdownHook] o.s.boot.reactor.netty.GracefulShutdown  : Commencing graceful shutdown. Waiting for active requests to complete
2026-07-07T12:10:06.880-03:00  INFO 3401206 --- [pedido] [ netty-shutdown] o.s.boot.reactor.netty.GracefulShutdown  : Graceful shutdown complete
